src/app/event/page.tsx(4,20): error TS2307: Cannot find module '@/app/components/navbar' or its corresponding type declarations.
src/app/event/page.tsx(5,139): error TS2307: Cannot find module '@/app/actions/spotActions' or its corresponding type declarations.
src/app/event/page.tsx(6,27): error TS2307: Cannot find module '@/app/components/SpotFormModal' or its corresponding type declarations.
src/app/event/page.tsx(46,9): error TS17004: Cannot use JSX unless the '--jsx' flag is provided.
src/app/event/page.tsx(47,13): error TS17004: Cannot use JSX unless the '--jsx' flag is provided.
src/app/event/page.tsx(48,13): error TS17004: Cannot use JSX unless the '--jsx' flag is provided.
src/app/event/page.tsx(49,17): error TS17004: Cannot use JSX unless the '--jsx' flag is provided.
src/app/event/page.tsx(50,21): error TS17004: Cannot use JSX unless the '--jsx' flag is provided.
src/app/event/page.tsx(51,25): error TS17004: Cannot use JSX unless the '--jsx' flag is provided.
src/app/event/page.tsx(52,25): error TS17004: Cannot use JSX unless the '--jsx' flag is provided.
src/app/event/page.tsx(54,21): error TS17004: Cannot use JSX unless the '--jsx' flag is provided.
src/app/event/page.tsx(56,17): error TS17004: Cannot use JSX unless the '--jsx' flag is provided.
src/app/event/page.tsx(57,21): error TS17004: Cannot use JSX unless the '--jsx' flag is provided.
src/app/event/page.tsx(58,21): error TS17004: Cannot use JSX unless the '--jsx' flag is provided.
src/app/event/page.tsx(60,17): error TS17004: Cannot use JSX unless the '--jsx' flag is provided.
src/app/event/page.tsx(61,21): error TS17004: Cannot use JSX unless the '--jsx' flag is provided.
src/app/event/page.tsx(62,21): error TS17004: Cannot use JSX unless the '--jsx' flag is provided.
src/app/event/page.tsx(392,9): error TS17004: Cannot use JSX unless the '--jsx' flag is provided.
src/app/event/page.tsx(393,13): error TS17004: Cannot use JSX unless the '--jsx' flag is provided.
src/app/event/page.tsx(394,13): error TS17004: Cannot use JSX unless the '--jsx' flag is provided.
src/app/event/page.tsx(396,17): error TS17004: Cannot use JSX unless the '--jsx' flag is provided.
src/app/event/page.tsx(398,21): error TS17004: Cannot use JSX unless the '--jsx' flag is provided.
src/app/event/page.tsx(399,25): error TS17004: Cannot use JSX unless the '--jsx' flag is provided.
src/app/event/page.tsx(400,29): error TS17004: Cannot use JSX unless the '--jsx' flag is provided.
src/app/event/page.tsx(403,25): error TS17004: Cannot use JSX unless the '--jsx' flag is provided.
src/app/event/page.tsx(407,37): error TS17004: Cannot use JSX unless the '--jsx' flag is provided.
src/app/event/page.tsx(415,41): error TS17004: Cannot use JSX unless the '--jsx' flag is provided.
src/app/event/page.tsx(422,29): error TS17004: Cannot use JSX unless the '--jsx' flag is provided.
src/app/event/page.tsx(429,21): error TS17004: Cannot use JSX unless the '--jsx' flag is provided.
src/app/event/page.tsx(430,25): error TS17004: Cannot use JSX unless the '--jsx' flag is provided.
src/app/event/page.tsx(431,29): error TS17004: Cannot use JSX unless the '--jsx' flag is provided.
src/app/event/page.tsx(432,33): error TS17004: Cannot use JSX unless the '--jsx' flag is provided.
src/app/event/page.tsx(436,33): error TS17004: Cannot use JSX unless the '--jsx' flag is provided.
src/app/event/page.tsx(445,29): error TS17004: Cannot use JSX unless the '--jsx' flag is provided.
src/app/event/page.tsx(449,33): error TS17004: Cannot use JSX unless the '--jsx' flag is provided.
src/app/event/page.tsx(454,29): error TS17004: Cannot use JSX unless the '--jsx' flag is provided.
src/app/event/page.tsx(455,33): error TS17004: Cannot use JSX unless the '--jsx' flag is provided.
src/app/event/page.tsx(460,29): error TS17004: Cannot use JSX unless the '--jsx' flag is provided.
src/app/event/page.tsx(461,33): error TS17004: Cannot use JSX unless the '--jsx' flag is provided.
src/app/event/page.tsx(462,37): error TS17004: Cannot use JSX unless the '--jsx' flag is provided.
src/app/event/page.tsx(465,33): error TS17004: Cannot use JSX unless the '--jsx' flag is provided.
src/app/event/page.tsx(469,29): error TS17004: Cannot use JSX unless the '--jsx' flag is provided.
src/app/event/page.tsx(470,33): error TS17004: Cannot use JSX unless the '--jsx' flag is provided.
src/app/event/page.tsx(471,37): error TS17004: Cannot use JSX unless the '--jsx' flag is provided.
src/app/event/page.tsx(472,37): error TS17004: Cannot use JSX unless the '--jsx' flag is provided.
src/app/event/page.tsx(474,33): error TS17004: Cannot use JSX unless the '--jsx' flag is provided.
src/app/event/page.tsx(485,33): error TS17004: Cannot use JSX unless the '--jsx' flag is provided.
src/app/event/page.tsx(486,37): error TS17004: Cannot use JSX unless the '--jsx' flag is provided.
src/app/event/page.tsx(487,37): error TS17004: Cannot use JSX unless the '--jsx' flag is provided.
src/app/event/page.tsx(490,37): error TS17004: Cannot use JSX unless the '--jsx' flag is provided.
src/app/event/page.tsx(502,21): error TS17004: Cannot use JSX unless the '--jsx' flag is provided.
src/app/event/page.tsx(503,25): error TS17004: Cannot use JSX unless the '--jsx' flag is provided.
src/app/event/page.tsx(504,29): error TS17004: Cannot use JSX unless the '--jsx' flag is provided.
src/app/event/page.tsx(507,25): error TS17004: Cannot use JSX unless the '--jsx' flag is provided.
src/app/event/page.tsx(508,29): error TS17004: Cannot use JSX unless the '--jsx' flag is provided.
src/app/event/page.tsx(509,33): error TS17004: Cannot use JSX unless the '--jsx' flag is provided.
src/app/event/page.tsx(510,33): error TS17004: Cannot use JSX unless the '--jsx' flag is provided.
src/app/event/page.tsx(511,37): error TS17004: Cannot use JSX unless the '--jsx' flag is provided.
src/app/event/page.tsx(512,41): error TS17004: Cannot use JSX unless the '--jsx' flag is provided.
src/app/event/page.tsx(514,37): error TS17004: Cannot use JSX unless the '--jsx' flag is provided.
src/app/event/page.tsx(515,41): error TS17004: Cannot use JSX unless the '--jsx' flag is provided.
src/app/event/page.tsx(519,29): error TS17004: Cannot use JSX unless the '--jsx' flag is provided.
src/app/event/page.tsx(521,37): error TS17004: Cannot use JSX unless the '--jsx' flag is provided.
src/app/event/page.tsx(524,37): error TS17004: Cannot use JSX unless the '--jsx' flag is provided.
src/app/event/page.tsx(532,41): error TS17004: Cannot use JSX unless the '--jsx' flag is provided.
src/app/event/page.tsx(544,49): error TS17004: Cannot use JSX unless the '--jsx' flag is provided.
src/app/event/page.tsx(552,29): error TS17004: Cannot use JSX unless the '--jsx' flag is provided.
src/app/event/page.tsx(556,33): error TS17004: Cannot use JSX unless the '--jsx' flag is provided.
src/app/event/page.tsx(563,21): error TS17004: Cannot use JSX unless the '--jsx' flag is provided.
src/app/event/page.tsx(571,25): error TS17004: Cannot use JSX unless the '--jsx' flag is provided.
src/app/event/page.tsx(574,29): error TS17004: Cannot use JSX unless the '--jsx' flag is provided.
src/app/event/page.tsx(582,17): error TS17004: Cannot use JSX unless the '--jsx' flag is provided.
src/app/event/page.tsx(584,21): error TS17004: Cannot use JSX unless the '--jsx' flag is provided.
src/app/event/page.tsx(585,25): error TS17004: Cannot use JSX unless the '--jsx' flag is provided.
src/app/event/page.tsx(586,29): error TS17004: Cannot use JSX unless the '--jsx' flag is provided.
src/app/event/page.tsx(587,33): error TS17004: Cannot use JSX unless the '--jsx' flag is provided.
src/app/event/page.tsx(588,33): error TS17004: Cannot use JSX unless the '--jsx' flag is provided.
src/app/event/page.tsx(591,29): error TS17004: Cannot use JSX unless the '--jsx' flag is provided.
src/app/event/page.tsx(592,33): error TS17004: Cannot use JSX unless the '--jsx' flag is provided.
src/app/event/page.tsx(593,33): error TS17004: Cannot use JSX unless the '--jsx' flag is provided.
src/app/event/page.tsx(601,37): error TS17004: Cannot use JSX unless the '--jsx' flag is provided.
src/app/event/page.tsx(605,41): error TS17004: Cannot use JSX unless the '--jsx' flag is provided.
src/app/event/page.tsx(611,25): error TS17004: Cannot use JSX unless the '--jsx' flag is provided.
src/app/event/page.tsx(612,29): error TS17004: Cannot use JSX unless the '--jsx' flag is provided.
src/app/event/page.tsx(613,43): error TS17004: Cannot use JSX unless the '--jsx' flag is provided.
src/app/event/page.tsx(616,29): error TS17004: Cannot use JSX unless the '--jsx' flag is provided.
src/app/event/page.tsx(617,33): error TS17004: Cannot use JSX unless the '--jsx' flag is provided.
src/app/event/page.tsx(621,37): error TS17004: Cannot use JSX unless the '--jsx' flag is provided.
src/app/event/page.tsx(623,37): error TS17004: Cannot use JSX unless the '--jsx' flag is provided.
src/app/event/page.tsx(626,37): error TS17004: Cannot use JSX unless the '--jsx' flag is provided.
src/app/event/page.tsx(628,45): error TS17004: Cannot use JSX unless the '--jsx' flag is provided.
src/app/event/page.tsx(647,25): error TS17004: Cannot use JSX unless the '--jsx' flag is provided.
src/app/event/page.tsx(649,33): error TS17004: Cannot use JSX unless the '--jsx' flag is provided.
src/app/event/page.tsx(650,37): error TS17004: Cannot use JSX unless the '--jsx' flag is provided.
src/app/event/page.tsx(652,37): error TS17004: Cannot use JSX unless the '--jsx' flag is provided.
src/app/event/page.tsx(653,41): error TS17004: Cannot use JSX unless the '--jsx' flag is provided.
src/app/event/page.tsx(660,37): error TS17004: Cannot use JSX unless the '--jsx' flag is provided.
src/app/event/page.tsx(661,41): error TS17004: Cannot use JSX unless the '--jsx' flag is provided.
src/app/event/page.tsx(663,41): error TS17004: Cannot use JSX unless the '--jsx' flag is provided.
src/app/event/page.tsx(664,45): error TS17004: Cannot use JSX unless the '--jsx' flag is provided.
src/app/event/page.tsx(670,33): error TS17004: Cannot use JSX unless the '--jsx' flag is provided.
src/app/event/page.tsx(671,37): error TS17004: Cannot use JSX unless the '--jsx' flag is provided.
src/app/event/page.tsx(673,37): error TS17004: Cannot use JSX unless the '--jsx' flag is provided.
src/app/event/page.tsx(674,41): error TS17004: Cannot use JSX unless the '--jsx' flag is provided.
src/app/event/page.tsx(679,33): error TS17004: Cannot use JSX unless the '--jsx' flag is provided.
src/app/event/page.tsx(680,37): error TS17004: Cannot use JSX unless the '--jsx' flag is provided.
src/app/event/page.tsx(682,37): error TS17004: Cannot use JSX unless the '--jsx' flag is provided.
src/app/event/page.tsx(683,41): error TS17004: Cannot use JSX unless the '--jsx' flag is provided.
src/app/event/page.tsx(692,25): error TS17004: Cannot use JSX unless the '--jsx' flag is provided.
src/app/event/page.tsx(693,58): error TS17004: Cannot use JSX unless the '--jsx' flag is provided.
src/app/event/page.tsx(699,25): error TS17004: Cannot use JSX unless the '--jsx' flag is provided.
src/app/event/page.tsx(711,37): error TS17004: Cannot use JSX unless the '--jsx' flag is provided.
src/app/event/page.tsx(712,41): error TS17004: Cannot use JSX unless the '--jsx' flag is provided.
src/app/event/page.tsx(713,45): error TS17004: Cannot use JSX unless the '--jsx' flag is provided.
src/app/event/page.tsx(720,45): error TS17004: Cannot use JSX unless the '--jsx' flag is provided.
src/app/event/page.tsx(723,45): error TS17004: Cannot use JSX unless the '--jsx' flag is provided.
src/app/event/page.tsx(728,49): error TS17004: Cannot use JSX unless the '--jsx' flag is provided.
src/app/event/page.tsx(729,53): error TS17004: Cannot use JSX unless the '--jsx' flag is provided.
src/app/event/page.tsx(730,53): error TS17004: Cannot use JSX unless the '--jsx' flag is provided.
src/app/event/page.tsx(735,49): error TS17004: Cannot use JSX unless the '--jsx' flag is provided.
src/app/event/page.tsx(736,53): error TS17004: Cannot use JSX unless the '--jsx' flag is provided.
src/app/event/page.tsx(737,57): error TS17004: Cannot use JSX unless the '--jsx' flag is provided.
src/app/event/page.tsx(742,45): error TS17004: Cannot use JSX unless the '--jsx' flag is provided.
src/app/event/page.tsx(743,49): error TS17004: Cannot use JSX unless the '--jsx' flag is provided.
src/app/event/page.tsx(748,53): error TS17004: Cannot use JSX unless the '--jsx' flag is provided.
src/app/event/page.tsx(750,49): error TS17004: Cannot use JSX unless the '--jsx' flag is provided.
src/app/event/page.tsx(754,53): error TS17004: Cannot use JSX unless the '--jsx' flag is provided.
src/app/event/page.tsx(758,41): error TS17004: Cannot use JSX unless the '--jsx' flag is provided.
src/app/event/page.tsx(759,45): error TS17004: Cannot use JSX unless the '--jsx' flag is provided.
src/app/event/page.tsx(760,49): error TS17004: Cannot use JSX unless the '--jsx' flag is provided.
src/app/event/page.tsx(761,49): error TS17004: Cannot use JSX unless the '--jsx' flag is provided.
src/app/event/page.tsx(763,45): error TS17004: Cannot use JSX unless the '--jsx' flag is provided.
src/app/event/page.tsx(766,45): error TS17004: Cannot use JSX unless the '--jsx' flag is provided.
src/app/event/page.tsx(771,45): error TS17004: Cannot use JSX unless the '--jsx' flag is provided.
src/app/event/page.tsx(772,49): error TS17004: Cannot use JSX unless the '--jsx' flag is provided.
src/app/event/page.tsx(777,65): error TS17004: Cannot use JSX unless the '--jsx' flag is provided.
src/app/event/page.tsx(778,69): error TS17004: Cannot use JSX unless the '--jsx' flag is provided.
src/app/event/page.tsx(784,57): error TS17004: Cannot use JSX unless the '--jsx' flag is provided.
src/app/event/page.tsx(790,45): error TS17004: Cannot use JSX unless the '--jsx' flag is provided.
src/app/event/page.tsx(791,49): error TS17004: Cannot use JSX unless the '--jsx' flag is provided.
src/app/event/page.tsx(798,53): error TS17004: Cannot use JSX unless the '--jsx' flag is provided.
src/app/event/page.tsx(801,57): error TS17004: Cannot use JSX unless the '--jsx' flag is provided.
src/app/event/page.tsx(804,49): error TS17004: Cannot use JSX unless the '--jsx' flag is provided.
src/app/event/page.tsx(809,53): error TS17004: Cannot use JSX unless the '--jsx' flag is provided.
src/app/event/page.tsx(810,53): error TS17004: Cannot use JSX unless the '--jsx' flag is provided.
src/app/event/page.tsx(816,49): error TS17004: Cannot use JSX unless the '--jsx' flag is provided.
src/app/event/page.tsx(818,57): error TS17004: Cannot use JSX unless the '--jsx' flag is provided.
src/app/event/page.tsx(821,57): error TS17004: Cannot use JSX unless the '--jsx' flag is provided.
src/app/event/page.tsx(822,61): error TS17004: Cannot use JSX unless the '--jsx' flag is provided.
src/app/event/page.tsx(823,65): error TS17004: Cannot use JSX unless the '--jsx' flag is provided.
src/app/event/page.tsx(825,61): error TS17004: Cannot use JSX unless the '--jsx' flag is provided.
src/app/event/page.tsx(826,65): error TS17004: Cannot use JSX unless the '--jsx' flag is provided.
src/app/event/page.tsx(828,69): error TS17004: Cannot use JSX unless the '--jsx' flag is provided.
src/app/event/page.tsx(832,65): error TS17004: Cannot use JSX unless the '--jsx' flag is provided.
src/app/event/page.tsx(836,53): error TS17004: Cannot use JSX unless the '--jsx' flag is provided.
src/app/event/page.tsx(837,57): error TS17004: Cannot use JSX unless the '--jsx' flag is provided.
src/app/event/page.tsx(849,57): error TS17004: Cannot use JSX unless the '--jsx' flag is provided.
src/app/event/page.tsx(857,57): error TS17004: Cannot use JSX unless the '--jsx' flag is provided.
src/app/event/page.tsx(862,61): error TS17004: Cannot use JSX unless the '--jsx' flag is provided.
src/app/event/page.tsx(876,25): error TS17004: Cannot use JSX unless the '--jsx' flag is provided.
src/app/event/page.tsx(877,29): error TS17004: Cannot use JSX unless the '--jsx' flag is provided.
src/app/event/page.tsx(878,33): error TS17004: Cannot use JSX unless the '--jsx' flag is provided.
src/app/event/page.tsx(880,29): error TS17004: Cannot use JSX unless the '--jsx' flag is provided.
src/app/event/page.tsx(881,29): error TS17004: Cannot use JSX unless the '--jsx' flag is provided.
src/app/event/page.tsx(884,29): error TS17004: Cannot use JSX unless the '--jsx' flag is provided.
src/app/event/page.tsx(888,33): error TS17004: Cannot use JSX unless the '--jsx' flag is provided.
src/app/event/page.tsx(896,25): error TS17004: Cannot use JSX unless the '--jsx' flag is provided.
src/app/event/page.tsx(897,29): error TS17004: Cannot use JSX unless the '--jsx' flag is provided.
src/app/event/page.tsx(898,33): error TS17004: Cannot use JSX unless the '--jsx' flag is provided.
src/app/event/page.tsx(900,29): error TS17004: Cannot use JSX unless the '--jsx' flag is provided.
src/app/event/page.tsx(901,29): error TS17004: Cannot use JSX unless the '--jsx' flag is provided.
src/app/event/page.tsx(904,29): error TS17004: Cannot use JSX unless the '--jsx' flag is provided.
src/app/event/page.tsx(908,33): error TS17004: Cannot use JSX unless the '--jsx' flag is provided.
src/app/event/page.tsx(917,13): error TS17004: Cannot use JSX unless the '--jsx' flag is provided.
src/app/event/page.tsx(918,17): error TS17004: Cannot use JSX unless the '--jsx' flag is provided.
src/app/event/page.tsx(922,21): error TS17004: Cannot use JSX unless the '--jsx' flag is provided.
src/app/event/page.tsx(926,13): error TS17004: Cannot use JSX unless the '--jsx' flag is provided.
